
> client@0.0.0 build
> vite build

vite v7.3.1 building client environment for production...
transforming...
✓ 1803 modules transformed.
✗ Build failed in 1.93s
error during build:
src/components/NavBar.jsx (4:9): "assets" is not exported by "src/assets/assets.js", imported by "src/components/NavBar.jsx".
file: /home/ghost69/projects/Lankan Primire/client/src/components/NavBar.jsx:4:9

2: import React, { useState, useEffect } from 'react'
3: import { Link, useLocation } from 'react-router-dom'
4: import { assets } from '../assets/assets'
            ^
5: // Clerk Components Import
6: import { SignedIn, SignedOut, SignInButton, UserButton } from "@clerk/clerk-react";

    at getRollupError (file:///home/ghost69/projects/Lankan%20Primire/client/node_modules/rollup/dist/es/shared/parseAst.js:401:41)
    at error (file:///home/ghost69/projects/Lankan%20Primire/client/node_modules/rollup/dist/es/shared/parseAst.js:397:42)
    at Module.error (file:///home/ghost69/projects/Lankan%20Primire/client/node_modules/rollup/dist/es/shared/node-entry.js:17022:16)
    at Module.traceVariable (file:///home/ghost69/projects/Lankan%20Primire/client/node_modules/rollup/dist/es/shared/node-entry.js:17478:29)
    at ModuleScope.findVariable (file:///home/ghost69/projects/Lankan%20Primire/client/node_modules/rollup/dist/es/shared/node-entry.js:15141:39)
    at ReturnValueScope.findVariable (file:///home/ghost69/projects/Lankan%20Primire/client/node_modules/rollup/dist/es/shared/node-entry.js:5688:38)
    at FunctionBodyScope.findVariable (file:///home/ghost69/projects/Lankan%20Primire/client/node_modules/rollup/dist/es/shared/node-entry.js:5688:38)
    at MemberExpression.bind (file:///home/ghost69/projects/Lankan%20Primire/client/node_modules/rollup/dist/es/shared/node-entry.js:7406:49)
    at Property.bind (file:///home/ghost69/projects/Lankan%20Primire/client/node_modules/rollup/dist/es/shared/node-entry.js:2829:23)
    at ObjectExpression.bind (file:///home/ghost69/projects/Lankan%20Primire/client/node_modules/rollup/dist/es/shared/node-entry.js:2825:28)
